`torch_dtype` is deprecated! Use `dtype` instead!
`torch_dtype` is deprecated! Use `dtype` instead!
{
  "track_id": "mmsp-published-series-exploratory-v1",
  "status": "complete",
  "run_kind": "formal_exploratory_training",
  "method": "E4_shared_lora_cpt",
  "seed": 11,
  "model_id": "amazon/chronos-2",
  "model_revision": "29ec3766d36d6f73f0696f85560a422f50e8498c",
  "training_steps": 1000,
  "schedule_steps": 1000,
  "learning_rate": 1e-05,
  "microbatch": 32,
  "gradient_accumulation": 4,
  "effective_batch": 128,
  "sample_rows": 128000,
  "sample_manifest": "/home/zhaopp/workspace/PV-TSFM/manifests/mmsp_published_series_exploratory/training_samples/seed11_steps1000_batch128.csv.gz",
  "sample_manifest_sha256": "964cc2c642ab33823d36431b7c6b94a88114c59d45306de0ee376b158594e7d7",
  "elapsed_seconds": 360.13598585128784,
  "seconds_per_step": 0.3601359872817993,
  "gpu": {
    "CUDA_VISIBLE_DEVICES": "0",
    "physical_gpu_ids": [
      0
    ],
    "gpu_count": 1,
    "gpus": [
      {
        "logical_id": 0,
        "physical_id": 0,
        "model": "NVIDIA RTX 5880 Ada Generation",
        "peak_vram_bytes": 948674560
      }
    ]
  },
  "base_parameter_hash_before_training": "86bcd92edd60e05d229744ac03ec9d03f581d15ac2aabc707cedcd9c838990cb",
  "identity": {
    "configuration": {
      "r": 8,
      "alpha": 16,
      "dropout": 0.0,
      "bias": "none"
    },
    "target_module_suffixes": [
      "self_attention.q",
      "self_attention.k",
      "self_attention.v",
      "self_attention.o",
      "output_patch_embedding.output_layer"
    ],
    "matched_module_names": [
      "encoder.block.0.layer.0.self_attention.q",
      "encoder.block.0.layer.0.self_attention.k",
      "encoder.block.0.layer.0.self_attention.v",
      "encoder.block.0.layer.0.self_attention.o",
      "encoder.block.0.layer.1.self_attention.q",
      "encoder.block.0.layer.1.self_attention.k",
      "encoder.block.0.layer.1.self_attention.v",
      "encoder.block.0.layer.1.self_attention.o",
      "encoder.block.1.layer.0.self_attention.q",
      "encoder.block.1.layer.0.self_attention.k",
      "encoder.block.1.layer.0.self_attention.v",
      "encoder.block.1.layer.0.self_attention.o",
      "encoder.block.1.layer.1.self_attention.q",
      "encoder.block.1.layer.1.self_attention.k",
      "encoder.block.1.layer.1.self_attention.v",
      "encoder.block.1.layer.1.self_attention.o",
      "encoder.block.2.layer.0.self_attention.q",
      "encoder.block.2.layer.0.self_attention.k",
      "encoder.block.2.layer.0.self_attention.v",
      "encoder.block.2.layer.0.self_attention.o",
      "encoder.block.2.layer.1.self_attention.q",
      "encoder.block.2.layer.1.self_attention.k",
      "encoder.block.2.layer.1.self_attention.v",
      "encoder.block.2.layer.1.self_attention.o",
      "encoder.block.3.layer.0.self_attention.q",
      "encoder.block.3.layer.0.self_attention.k",
      "encoder.block.3.layer.0.self_attention.v",
      "encoder.block.3.layer.0.self_attention.o",
      "encoder.block.3.layer.1.self_attention.q",
      "encoder.block.3.layer.1.self_attention.k",
      "encoder.block.3.layer.1.self_attention.v",
      "encoder.block.3.layer.1.self_attention.o",
      "encoder.block.4.layer.0.self_attention.q",
      "encoder.block.4.layer.0.self_attention.k",
      "encoder.block.4.layer.0.self_attention.v",
      "encoder.block.4.layer.0.self_attention.o",
      "encoder.block.4.layer.1.self_attention.q",
      "encoder.block.4.layer.1.self_attention.k",
      "encoder.block.4.layer.1.self_attention.v",
      "encoder.block.4.layer.1.self_attention.o",
      "encoder.block.5.layer.0.self_attention.q",
      "encoder.block.5.layer.0.self_attention.k",
      "encoder.block.5.layer.0.self_attention.v",
      "encoder.block.5.layer.0.self_attention.o",
      "encoder.block.5.layer.1.self_attention.q",
      "encoder.block.5.layer.1.self_attention.k",
      "encoder.block.5.layer.1.self_attention.v",
      "encoder.block.5.layer.1.self_attention.o",
      "encoder.block.6.layer.0.self_attention.q",
      "encoder.block.6.layer.0.self_attention.k",
      "encoder.block.6.layer.0.self_attention.v",
      "encoder.block.6.layer.0.self_attention.o",
      "encoder.block.6.layer.1.self_attention.q",
      "encoder.block.6.layer.1.self_attention.k",
      "encoder.block.6.layer.1.self_attention.v",
      "encoder.block.6.layer.1.self_attention.o",
      "encoder.block.7.layer.0.self_attention.q",
      "encoder.block.7.layer.0.self_attention.k",
      "encoder.block.7.layer.0.self_attention.v",
      "encoder.block.7.layer.0.self_attention.o",
      "encoder.block.7.layer.1.self_attention.q",
      "encoder.block.7.layer.1.self_attention.k",
      "encoder.block.7.layer.1.self_attention.v",
      "encoder.block.7.layer.1.self_attention.o",
      "encoder.block.8.layer.0.self_attention.q",
      "encoder.block.8.layer.0.self_attention.k",
      "encoder.block.8.layer.0.self_attention.v",
      "encoder.block.8.layer.0.self_attention.o",
      "encoder.block.8.layer.1.self_attention.q",
      "encoder.block.8.layer.1.self_attention.k",
      "encoder.block.8.layer.1.self_attention.v",
      "encoder.block.8.layer.1.self_attention.o",
      "encoder.block.9.layer.0.self_attention.q",
      "encoder.block.9.layer.0.self_attention.k",
      "encoder.block.9.layer.0.self_attention.v",
      "encoder.block.9.layer.0.self_attention.o",
      "encoder.block.9.layer.1.self_attention.q",
      "encoder.block.9.layer.1.self_attention.k",
      "encoder.block.9.layer.1.self_attention.v",
      "encoder.block.9.layer.1.self_attention.o",
      "encoder.block.10.layer.0.self_attention.q",
      "encoder.block.10.layer.0.self_attention.k",
      "encoder.block.10.layer.0.self_attention.v",
      "encoder.block.10.layer.0.self_attention.o",
      "encoder.block.10.layer.1.self_attention.q",
      "encoder.block.10.layer.1.self_attention.k",
      "encoder.block.10.layer.1.self_attention.v",
      "encoder.block.10.layer.1.self_attention.o",
      "encoder.block.11.layer.0.self_attention.q",
      "encoder.block.11.layer.0.self_attention.k",
      "encoder.block.11.layer.0.self_attention.v",
      "encoder.block.11.layer.0.self_attention.o",
      "encoder.block.11.layer.1.self_attention.q",
      "encoder.block.11.layer.1.self_attention.k",
      "encoder.block.11.layer.1.self_attention.v",
      "encoder.block.11.layer.1.self_attention.o",
      "output_patch_embedding.output_layer"
    ],
    "matched_module_count": 97,
    "trainable_parameter_names": [
      "base_model.model.encoder.block.0.layer.0.self_attention.q.lora_A.default.weight",
      "base_model.model.encoder.block.0.layer.0.self_attention.q.lora_B.default.weight",
      "base_model.model.encoder.block.0.layer.0.self_attention.k.lora_A.default.weight",
      "base_model.model.encoder.block.0.layer.0.self_attention.k.lora_B.default.weight",
      "base_model.model.encoder.block.0.layer.0.self_attention.v.lora_A.default.weight",
      "base_model.model.encoder.block.0.layer.0.self_attention.v.lora_B.default.weight",
      "base_model.model.encoder.block.0.layer.0.self_attention.o.lora_A.default.weight",
      "base_model.model.encoder.block.0.layer.0.self_attention.o.lora_B.default.weight",
      "base_model.model.encoder.block.0.layer.1.self_attention.q.lora_A.default.weight",
      "base_model.model.encoder.block.0.layer.1.self_attention.q.lora_B.default.weight",
      "base_model.model.encoder.block.0.layer.1.self_attention.k.lora_A.default.weight",
      "base_model.model.encoder.block.0.layer.1.self_attention.k.lora_B.default.weight",
      "base_model.model.encoder.block.0.layer.1.self_attention.v.lora_A.default.weight",
      "base_model.model.encoder.block.0.layer.1.self_attention.v.lora_B.default.weight",
      "base_model.model.encoder.block.0.layer.1.self_attention.o.lora_A.default.weight",
      "base_model.model.encoder.block.0.layer.1.self_attention.o.lora_B.default.weight",
      "base_model.model.encoder.block.1.layer.0.self_attention.q.lora_A.default.weight",
      "base_model.model.encoder.block.1.layer.0.self_attention.q.lora_B.default.weight",
      "base_model.model.encoder.block.1.layer.0.self_attention.k.lora_A.default.weight",
      "base_model.model.encoder.block.1.layer.0.self_attention.k.lora_B.default.weight",
      "base_model.model.encoder.block.1.layer.0.self_attention.v.lora_A.default.weight",
      "base_model.model.encoder.block.1.layer.0.self_attention.v.lora_B.default.weight",
      "base_model.model.encoder.block.1.layer.0.self_attention.o.lora_A.default.weight",
      "base_model.model.encoder.block.1.layer.0.self_attention.o.lora_B.default.weight",
      "base_model.model.encoder.block.1.layer.1.self_attention.q.lora_A.default.weight",
      "base_model.model.encoder.block.1.layer.1.self_attention.q.lora_B.default.weight",
      "base_model.model.encoder.block.1.layer.1.self_attention.k.lora_A.default.weight",
      "base_model.model.encoder.block.1.layer.1.self_attention.k.lora_B.default.weight",
      "base_model.model.encoder.block.1.layer.1.self_attention.v.lora_A.default.weight",
      "base_model.model.encoder.block.1.layer.1.self_attention.v.lora_B.default.weight",
      "base_model.model.encoder.block.1.layer.1.self_attention.o.lora_A.default.weight",
      "base_model.model.encoder.block.1.layer.1.self_attention.o.lora_B.default.weight",
      "base_model.model.encoder.block.2.layer.0.self_attention.q.lora_A.default.weight",
      "base_model.model.encoder.block.2.layer.0.self_attention.q.lora_B.default.weight",
      "base_model.model.encoder.block.2.layer.0.self_attention.k.lora_A.default.weight",
      "base_model.model.encoder.block.2.layer.0.self_attention.k.lora_B.default.weight",
      "base_model.model.encoder.block.2.layer.0.self_attention.v.lora_A.default.weight",
      "base_model.model.encoder.block.2.layer.0.self_attention.v.lora_B.default.weight",
      "base_model.model.encoder.block.2.layer.0.self_attention.o.lora_A.default.weight",
      "base_model.model.encoder.block.2.layer.0.self_attention.o.lora_B.default.weight",
      "base_model.model.encoder.block.2.layer.1.self_attention.q.lora_A.default.weight",
      "base_model.model.encoder.block.2.layer.1.self_attention.q.lora_B.default.weight",
      "base_model.model.encoder.block.2.layer.1.self_attention.k.lora_A.default.weight",
      "base_model.model.encoder.block.2.layer.1.self_attention.k.lora_B.default.weight",
      "base_model.model.encoder.block.2.layer.1.self_attention.v.lora_A.default.weight",
      "base_model.model.encoder.block.2.layer.1.self_attention.v.lora_B.default.weight",
      "base_model.model.encoder.block.2.layer.1.self_attention.o.lora_A.default.weight",
      "base_model.model.encoder.block.2.layer.1.self_attention.o.lora_B.default.weight",
      "base_model.model.encoder.block.3.layer.0.self_attention.q.lora_A.default.weight",
      "base_model.model.encoder.block.3.layer.0.self_attention.q.lora_B.default.weight",
      "base_model.model.encoder.block.3.layer.0.self_attention.k.lora_A.default.weight",
      "base_model.model.encoder.block.3.layer.0.self_attention.k.lora_B.default.weight",
      "base_model.model.encoder.block.3.layer.0.self_attention.v.lora_A.default.weight",
      "base_model.model.encoder.block.3.layer.0.self_attention.v.lora_B.default.weight",
      "base_model.model.encoder.block.3.layer.0.self_attention.o.lora_A.default.weight",
      "base_model.model.encoder.block.3.layer.0.self_attention.o.lora_B.default.weight",
      "base_model.model.encoder.block.3.layer.1.self_attention.q.lora_A.default.weight",
      "base_model.model.encoder.block.3.layer.1.self_attention.q.lora_B.default.weight",
      "base_model.model.encoder.block.3.layer.1.self_attention.k.lora_A.default.weight",
      "base_model.model.encoder.block.3.layer.1.self_attention.k.lora_B.default.weight",
      "base_model.model.encoder.block.3.layer.1.self_attention.v.lora_A.default.weight",
      "base_model.model.encoder.block.3.layer.1.self_attention.v.lora_B.default.weight",
      "base_model.model.encoder.block.3.layer.1.self_attention.o.lora_A.default.weight",
      "base_model.model.encoder.block.3.layer.1.self_attention.o.lora_B.default.weight",
      "base_model.model.encoder.block.4.layer.0.self_attention.q.lora_A.default.weight",
      "base_model.model.encoder.block.4.layer.0.self_attention.q.lora_B.default.weight",
      "base_model.model.encoder.block.4.layer.0.self_attention.k.lora_A.default.weight",
      "base_model.model.encoder.block.4.layer.0.self_attention.k.lora_B.default.weight",
      "base_model.model.encoder.block.4.layer.0.self_attention.v.lora_A.default.weight",
      "base_model.model.encoder.block.4.layer.0.self_attention.v.lora_B.default.weight",
      "base_model.model.encoder.block.4.layer.0.self_attention.o.lora_A.default.weight",
      "base_model.model.encoder.block.4.layer.0.self_attention.o.lora_B.default.weight",
      "base_model.model.encoder.block.4.layer.1.self_attention.q.lora_A.default.weight",
      "base_model.model.encoder.block.4.layer.1.self_attention.q.lora_B.default.weight",
      "base_model.model.encoder.block.4.layer.1.self_attention.k.lora_A.default.weight",
      "base_model.model.encoder.block.4.layer.1.self_attention.k.lora_B.default.weight",
      "base_model.model.encoder.block.4.layer.1.self_attention.v.lora_A.default.weight",
      "base_model.model.encoder.block.4.layer.1.self_attention.v.lora_B.default.weight",
      "base_model.model.encoder.block.4.layer.1.self_attention.o.lora_A.default.weight",
      "base_model.model.encoder.block.4.layer.1.self_attention.o.lora_B.default.weight",
      "base_model.model.encoder.block.5.layer.0.self_attention.q.lora_A.default.weight",
      "base_model.model.encoder.block.5.layer.0.self_attention.q.lora_B.default.weight",
      "base_model.model.encoder.block.5.layer.0.self_attention.k.lora_A.default.weight",
      "base_model.model.encoder.block.5.layer.0.self_attention.k.lora_B.default.weight",
      "base_model.model.encoder.block.5.layer.0.self_attention.v.lora_A.default.weight",
      "base_model.model.encoder.block.5.layer.0.self_attention.v.lora_B.default.weight",
      "base_model.model.encoder.block.5.layer.0.self_attention.o.lora_A.default.weight",
      "base_model.model.encoder.block.5.layer.0.self_attention.o.lora_B.default.weight",
      "base_model.model.encoder.block.5.layer.1.self_attention.q.lora_A.default.weight",
      "base_model.model.encoder.block.5.layer.1.self_attention.q.lora_B.default.weight",
      "base_model.model.encoder.block.5.layer.1.self_attention.k.lora_A.default.weight",
      "base_model.model.encoder.block.5.layer.1.self_attention.k.lora_B.default.weight",
      "base_model.model.encoder.block.5.layer.1.self_attention.v.lora_A.default.weight",
      "base_model.model.encoder.block.5.layer.1.self_attention.v.lora_B.default.weight",
      "base_model.model.encoder.block.5.layer.1.self_attention.o.lora_A.default.weight",
      "base_model.model.encoder.block.5.layer.1.self_attention.o.lora_B.default.weight",
      "base_model.model.encoder.block.6.layer.0.self_attention.q.lora_A.default.weight",
      "base_model.model.encoder.block.6.layer.0.self_attention.q.lora_B.default.weight",
      "base_model.model.encoder.block.6.layer.0.self_attention.k.lora_A.default.weight",
      "base_model.model.encoder.block.6.layer.0.self_attention.k.lora_B.default.weight",
      "base_model.model.encoder.block.6.layer.0.self_attention.v.lora_A.default.weight",
      "base_model.model.encoder.block.6.layer.0.self_attention.v.lora_B.default.weight",
      "base_model.model.encoder.block.6.layer.0.self_attention.o.lora_A.default.weight",
      "base_model.model.encoder.block.6.layer.0.self_attention.o.lora_B.default.weight",
      "base_model.model.encoder.block.6.layer.1.self_attention.q.lora_A.default.weight",
      "base_model.model.encoder.block.6.layer.1.self_attention.q.lora_B.default.weight",
      "base_model.model.encoder.block.6.layer.1.self_attention.k.lora_A.default.weight",
      "base_model.model.encoder.block.6.layer.1.self_attention.k.lora_B.default.weight",
      "base_model.model.encoder.block.6.layer.1.self_attention.v.lora_A.default.weight",
      "base_model.model.encoder.block.6.layer.1.self_attention.v.lora_B.default.weight",
      "base_model.model.encoder.block.6.layer.1.self_attention.o.lora_A.default.weight",
      "base_model.model.encoder.block.6.layer.1.self_attention.o.lora_B.default.weight",
      "base_model.model.encoder.block.7.layer.0.self_attention.q.lora_A.default.weight",
      "base_model.model.encoder.block.7.layer.0.self_attention.q.lora_B.default.weight",
      "base_model.model.encoder.block.7.layer.0.self_attention.k.lora_A.default.weight",
      "base_model.model.encoder.block.7.layer.0.self_attention.k.lora_B.default.weight",
      "base_model.model.encoder.block.7.layer.0.self_attention.v.lora_A.default.weight",
      "base_model.model.encoder.block.7.layer.0.self_attention.v.lora_B.default.weight",
      "base_model.model.encoder.block.7.layer.0.self_attention.o.lora_A.default.weight",
      "base_model.model.encoder.block.7.layer.0.self_attention.o.lora_B.default.weight",
      "base_model.model.encoder.block.7.layer.1.self_attention.q.lora_A.default.weight",
      "base_model.model.encoder.block.7.layer.1.self_attention.q.lora_B.default.weight",
      "base_model.model.encoder.block.7.layer.1.self_attention.k.lora_A.default.weight",
      "base_model.model.encoder.block.7.layer.1.self_attention.k.lora_B.default.weight",
      "base_model.model.encoder.block.7.layer.1.self_attention.v.lora_A.default.weight",
      "base_model.model.encoder.block.7.layer.1.self_attention.v.lora_B.default.weight",
      "base_model.model.encoder.block.7.layer.1.self_attention.o.lora_A.default.weight",
      "base_model.model.encoder.block.7.layer.1.self_attention.o.lora_B.default.weight",
      "base_model.model.encoder.block.8.layer.0.self_attention.q.lora_A.default.weight",
      "base_model.model.encoder.block.8.layer.0.self_attention.q.lora_B.default.weight",
      "base_model.model.encoder.block.8.layer.0.self_attention.k.lora_A.default.weight",
      "base_model.model.encoder.block.8.layer.0.self_attention.k.lora_B.default.weight",
      "base_model.model.encoder.block.8.layer.0.self_attention.v.lora_A.default.weight",
      "base_model.model.encoder.block.8.layer.0.self_attention.v.lora_B.default.weight",
      "base_model.model.encoder.block.8.layer.0.self_attention.o.lora_A.default.weight",
      "base_model.model.encoder.block.8.layer.0.self_attention.o.lora_B.default.weight",
      "base_model.model.encoder.block.8.layer.1.self_attention.q.lora_A.default.weight",
      "base_model.model.encoder.block.8.layer.1.self_attention.q.lora_B.default.weight",
      "base_model.model.encoder.block.8.layer.1.self_attention.k.lora_A.default.weight",
      "base_model.model.encoder.block.8.layer.1.self_attention.k.lora_B.default.weight",
      "base_model.model.encoder.block.8.layer.1.self_attention.v.lora_A.default.weight",
      "base_model.model.encoder.block.8.layer.1.self_attention.v.lora_B.default.weight",
      "base_model.model.encoder.block.8.layer.1.self_attention.o.lora_A.default.weight",
      "base_model.model.encoder.block.8.layer.1.self_attention.o.lora_B.default.weight",
      "base_model.model.encoder.block.9.layer.0.self_attention.q.lora_A.default.weight",
      "base_model.model.encoder.block.9.layer.0.self_attention.q.lora_B.default.weight",
      "base_model.model.encoder.block.9.layer.0.self_attention.k.lora_A.default.weight",
      "base_model.model.encoder.block.9.layer.0.self_attention.k.lora_B.default.weight",
      "base_model.model.encoder.block.9.layer.0.self_attention.v.lora_A.default.weight",
      "base_model.model.encoder.block.9.layer.0.self_attention.v.lora_B.default.weight",
      "base_model.model.encoder.block.9.layer.0.self_attention.o.lora_A.default.weight",
      "base_model.model.encoder.block.9.layer.0.self_attention.o.lora_B.default.weight",
      "base_model.model.encoder.block.9.layer.1.self_attention.q.lora_A.default.weight",
      "base_model.model.encoder.block.9.layer.1.self_attention.q.lora_B.default.weight",
      "base_model.model.encoder.block.9.layer.1.self_attention.k.lora_A.default.weight",
      "base_model.model.encoder.block.9.layer.1.self_attention.k.lora_B.default.weight",
      "base_model.model.encoder.block.9.layer.1.self_attention.v.lora_A.default.weight",
      "base_model.model.encoder.block.9.layer.1.self_attention.v.lora_B.default.weight",
      "base_model.model.encoder.block.9.layer.1.self_attention.o.lora_A.default.weight",
      "base_model.model.encoder.block.9.layer.1.self_attention.o.lora_B.default.weight",
      "base_model.model.encoder.block.10.layer.0.self_attention.q.lora_A.default.weight",
      "base_model.model.encoder.block.10.layer.0.self_attention.q.lora_B.default.weight",
      "base_model.model.encoder.block.10.layer.0.self_attention.k.lora_A.default.weight",
      "base_model.model.encoder.block.10.layer.0.self_attention.k.lora_B.default.weight",
      "base_model.model.encoder.block.10.layer.0.self_attention.v.lora_A.default.weight",
      "base_model.model.encoder.block.10.layer.0.self_attention.v.lora_B.default.weight",
      "base_model.model.encoder.block.10.layer.0.self_attention.o.lora_A.default.weight",
      "base_model.model.encoder.block.10.layer.0.self_attention.o.lora_B.default.weight",
      "base_model.model.encoder.block.10.layer.1.self_attention.q.lora_A.default.weight",
      "base_model.model.encoder.block.10.layer.1.self_attention.q.lora_B.default.weight",
      "base_model.model.encoder.block.10.layer.1.self_attention.k.lora_A.default.weight",
      "base_model.model.encoder.block.10.layer.1.self_attention.k.lora_B.default.weight",
      "base_model.model.encoder.block.10.layer.1.self_attention.v.lora_A.default.weight",
      "base_model.model.encoder.block.10.layer.1.self_attention.v.lora_B.default.weight",
      "base_model.model.encoder.block.10.layer.1.self_attention.o.lora_A.default.weight",
      "base_model.model.encoder.block.10.layer.1.self_attention.o.lora_B.default.weight",
      "base_model.model.encoder.block.11.layer.0.self_attention.q.lora_A.default.weight",
      "base_model.model.encoder.block.11.layer.0.self_attention.q.lora_B.default.weight",
      "base_model.model.encoder.block.11.layer.0.self_attention.k.lora_A.default.weight",
      "base_model.model.encoder.block.11.layer.0.self_attention.k.lora_B.default.weight",
      "base_model.model.encoder.block.11.layer.0.self_attention.v.lora_A.default.weight",
      "base_model.model.encoder.block.11.layer.0.self_attention.v.lora_B.default.weight",
      "base_model.model.encoder.block.11.layer.0.self_attention.o.lora_A.default.weight",
      "base_model.model.encoder.block.11.layer.0.self_attention.o.lora_B.default.weight",
      "base_model.model.encoder.block.11.layer.1.self_attention.q.lora_A.default.weight",
      "base_model.model.encoder.block.11.layer.1.self_attention.q.lora_B.default.weight",
      "base_model.model.encoder.block.11.layer.1.self_attention.k.lora_A.default.weight",
      "base_model.model.encoder.block.11.layer.1.self_attention.k.lora_B.default.weight",
      "base_model.model.encoder.block.11.layer.1.self_attention.v.lora_A.default.weight",
      "base_model.model.encoder.block.11.layer.1.self_attention.v.lora_B.default.weight",
      "base_model.model.encoder.block.11.layer.1.self_attention.o.lora_A.default.weight",
      "base_model.model.encoder.block.11.layer.1.self_attention.o.lora_B.default.weight",
      "base_model.model.output_patch_embedding.output_layer.lora_A.default.weight",
      "base_model.model.output_patch_embedding.output_layer.lora_B.default.weight"
    ],
    "trainable_parameter_count": 1206912,
    "total_parameter_count": 120684576,
    "trainable_percent": 1.0000548868813195
  },
  "history": "/home/zhaopp/workspace/PV-TSFM/outputs/mmsp_published_series_exploratory/training/e4_seed11/history.csv",
  "history_sha256": "24ccdd66bf1bef6350171c552502427fbe9f2e4db45bd2db055eafbee00d8590",
  "claim_limit": "nominal-hourly published sequence; not verified real hourly-average power"
}
