`torch_dtype` is deprecated! Use `dtype` instead!
`torch_dtype` is deprecated! Use `dtype` instead!
{
  "track_id": "mmsp-published-series-exploratory-v1",
  "status": "complete",
  "run_kind": "formal_exploratory_training",
  "method": "E5_full_cpt",
  "seed": 33,
  "model_id": "amazon/chronos-2",
  "model_revision": "29ec3766d36d6f73f0696f85560a422f50e8498c",
  "training_steps": 1000,
  "schedule_steps": 1000,
  "learning_rate": 1e-06,
  "microbatch": 32,
  "gradient_accumulation": 4,
  "effective_batch": 128,
  "sample_rows": 128000,
  "sample_manifest": "/home/zhaopp/workspace/PV-TSFM/manifests/mmsp_published_series_exploratory/training_samples/seed33_steps1000_batch128.csv.gz",
  "sample_manifest_sha256": "93943468063e981ef3c59eb8bffa09c68723eab35ff1bdada103b02bf99bb947",
  "elapsed_seconds": 239.46463203430176,
  "seconds_per_step": 0.23946463298797607,
  "gpu": {
    "CUDA_VISIBLE_DEVICES": "1",
    "physical_gpu_ids": [
      1
    ],
    "gpu_count": 1,
    "gpus": [
      {
        "logical_id": 0,
        "physical_id": 1,
        "model": "NVIDIA RTX 5880 Ada Generation",
        "peak_vram_bytes": 1639564288
      }
    ]
  },
  "base_parameter_hash_before_training": "86bcd92edd60e05d229744ac03ec9d03f581d15ac2aabc707cedcd9c838990cb",
  "identity": {
    "trainable_parameter_names": [
      "shared.weight",
      "input_patch_embedding.hidden_layer.weight",
      "input_patch_embedding.hidden_layer.bias",
      "input_patch_embedding.output_layer.weight",
      "input_patch_embedding.output_layer.bias",
      "input_patch_embedding.residual_layer.weight",
      "input_patch_embedding.residual_layer.bias",
      "encoder.block.0.layer.0.self_attention.q.weight",
      "encoder.block.0.layer.0.self_attention.k.weight",
      "encoder.block.0.layer.0.self_attention.v.weight",
      "encoder.block.0.layer.0.self_attention.o.weight",
      "encoder.block.0.layer.0.layer_norm.weight",
      "encoder.block.0.layer.1.self_attention.q.weight",
      "encoder.block.0.layer.1.self_attention.k.weight",
      "encoder.block.0.layer.1.self_attention.v.weight",
      "encoder.block.0.layer.1.self_attention.o.weight",
      "encoder.block.0.layer.1.layer_norm.weight",
      "encoder.block.0.layer.2.mlp.wi.weight",
      "encoder.block.0.layer.2.mlp.wo.weight",
      "encoder.block.0.layer.2.layer_norm.weight",
      "encoder.block.1.layer.0.self_attention.q.weight",
      "encoder.block.1.layer.0.self_attention.k.weight",
      "encoder.block.1.layer.0.self_attention.v.weight",
      "encoder.block.1.layer.0.self_attention.o.weight",
      "encoder.block.1.layer.0.layer_norm.weight",
      "encoder.block.1.layer.1.self_attention.q.weight",
      "encoder.block.1.layer.1.self_attention.k.weight",
      "encoder.block.1.layer.1.self_attention.v.weight",
      "encoder.block.1.layer.1.self_attention.o.weight",
      "encoder.block.1.layer.1.layer_norm.weight",
      "encoder.block.1.layer.2.mlp.wi.weight",
      "encoder.block.1.layer.2.mlp.wo.weight",
      "encoder.block.1.layer.2.layer_norm.weight",
      "encoder.block.2.layer.0.self_attention.q.weight",
      "encoder.block.2.layer.0.self_attention.k.weight",
      "encoder.block.2.layer.0.self_attention.v.weight",
      "encoder.block.2.layer.0.self_attention.o.weight",
      "encoder.block.2.layer.0.layer_norm.weight",
      "encoder.block.2.layer.1.self_attention.q.weight",
      "encoder.block.2.layer.1.self_attention.k.weight",
      "encoder.block.2.layer.1.self_attention.v.weight",
      "encoder.block.2.layer.1.self_attention.o.weight",
      "encoder.block.2.layer.1.layer_norm.weight",
      "encoder.block.2.layer.2.mlp.wi.weight",
      "encoder.block.2.layer.2.mlp.wo.weight",
      "encoder.block.2.layer.2.layer_norm.weight",
      "encoder.block.3.layer.0.self_attention.q.weight",
      "encoder.block.3.layer.0.self_attention.k.weight",
      "encoder.block.3.layer.0.self_attention.v.weight",
      "encoder.block.3.layer.0.self_attention.o.weight",
      "encoder.block.3.layer.0.layer_norm.weight",
      "encoder.block.3.layer.1.self_attention.q.weight",
      "encoder.block.3.layer.1.self_attention.k.weight",
      "encoder.block.3.layer.1.self_attention.v.weight",
      "encoder.block.3.layer.1.self_attention.o.weight",
      "encoder.block.3.layer.1.layer_norm.weight",
      "encoder.block.3.layer.2.mlp.wi.weight",
      "encoder.block.3.layer.2.mlp.wo.weight",
      "encoder.block.3.layer.2.layer_norm.weight",
      "encoder.block.4.layer.0.self_attention.q.weight",
      "encoder.block.4.layer.0.self_attention.k.weight",
      "encoder.block.4.layer.0.self_attention.v.weight",
      "encoder.block.4.layer.0.self_attention.o.weight",
      "encoder.block.4.layer.0.layer_norm.weight",
      "encoder.block.4.layer.1.self_attention.q.weight",
      "encoder.block.4.layer.1.self_attention.k.weight",
      "encoder.block.4.layer.1.self_attention.v.weight",
      "encoder.block.4.layer.1.self_attention.o.weight",
      "encoder.block.4.layer.1.layer_norm.weight",
      "encoder.block.4.layer.2.mlp.wi.weight",
      "encoder.block.4.layer.2.mlp.wo.weight",
      "encoder.block.4.layer.2.layer_norm.weight",
      "encoder.block.5.layer.0.self_attention.q.weight",
      "encoder.block.5.layer.0.self_attention.k.weight",
      "encoder.block.5.layer.0.self_attention.v.weight",
      "encoder.block.5.layer.0.self_attention.o.weight",
      "encoder.block.5.layer.0.layer_norm.weight",
      "encoder.block.5.layer.1.self_attention.q.weight",
      "encoder.block.5.layer.1.self_attention.k.weight",
      "encoder.block.5.layer.1.self_attention.v.weight",
      "encoder.block.5.layer.1.self_attention.o.weight",
      "encoder.block.5.layer.1.layer_norm.weight",
      "encoder.block.5.layer.2.mlp.wi.weight",
      "encoder.block.5.layer.2.mlp.wo.weight",
      "encoder.block.5.layer.2.layer_norm.weight",
      "encoder.block.6.layer.0.self_attention.q.weight",
      "encoder.block.6.layer.0.self_attention.k.weight",
      "encoder.block.6.layer.0.self_attention.v.weight",
      "encoder.block.6.layer.0.self_attention.o.weight",
      "encoder.block.6.layer.0.layer_norm.weight",
      "encoder.block.6.layer.1.self_attention.q.weight",
      "encoder.block.6.layer.1.self_attention.k.weight",
      "encoder.block.6.layer.1.self_attention.v.weight",
      "encoder.block.6.layer.1.self_attention.o.weight",
      "encoder.block.6.layer.1.layer_norm.weight",
      "encoder.block.6.layer.2.mlp.wi.weight",
      "encoder.block.6.layer.2.mlp.wo.weight",
      "encoder.block.6.layer.2.layer_norm.weight",
      "encoder.block.7.layer.0.self_attention.q.weight",
      "encoder.block.7.layer.0.self_attention.k.weight",
      "encoder.block.7.layer.0.self_attention.v.weight",
      "encoder.block.7.layer.0.self_attention.o.weight",
      "encoder.block.7.layer.0.layer_norm.weight",
      "encoder.block.7.layer.1.self_attention.q.weight",
      "encoder.block.7.layer.1.self_attention.k.weight",
      "encoder.block.7.layer.1.self_attention.v.weight",
      "encoder.block.7.layer.1.self_attention.o.weight",
      "encoder.block.7.layer.1.layer_norm.weight",
      "encoder.block.7.layer.2.mlp.wi.weight",
      "encoder.block.7.layer.2.mlp.wo.weight",
      "encoder.block.7.layer.2.layer_norm.weight",
      "encoder.block.8.layer.0.self_attention.q.weight",
      "encoder.block.8.layer.0.self_attention.k.weight",
      "encoder.block.8.layer.0.self_attention.v.weight",
      "encoder.block.8.layer.0.self_attention.o.weight",
      "encoder.block.8.layer.0.layer_norm.weight",
      "encoder.block.8.layer.1.self_attention.q.weight",
      "encoder.block.8.layer.1.self_attention.k.weight",
      "encoder.block.8.layer.1.self_attention.v.weight",
      "encoder.block.8.layer.1.self_attention.o.weight",
      "encoder.block.8.layer.1.layer_norm.weight",
      "encoder.block.8.layer.2.mlp.wi.weight",
      "encoder.block.8.layer.2.mlp.wo.weight",
      "encoder.block.8.layer.2.layer_norm.weight",
      "encoder.block.9.layer.0.self_attention.q.weight",
      "encoder.block.9.layer.0.self_attention.k.weight",
      "encoder.block.9.layer.0.self_attention.v.weight",
      "encoder.block.9.layer.0.self_attention.o.weight",
      "encoder.block.9.layer.0.layer_norm.weight",
      "encoder.block.9.layer.1.self_attention.q.weight",
      "encoder.block.9.layer.1.self_attention.k.weight",
      "encoder.block.9.layer.1.self_attention.v.weight",
      "encoder.block.9.layer.1.self_attention.o.weight",
      "encoder.block.9.layer.1.layer_norm.weight",
      "encoder.block.9.layer.2.mlp.wi.weight",
      "encoder.block.9.layer.2.mlp.wo.weight",
      "encoder.block.9.layer.2.layer_norm.weight",
      "encoder.block.10.layer.0.self_attention.q.weight",
      "encoder.block.10.layer.0.self_attention.k.weight",
      "encoder.block.10.layer.0.self_attention.v.weight",
      "encoder.block.10.layer.0.self_attention.o.weight",
      "encoder.block.10.layer.0.layer_norm.weight",
      "encoder.block.10.layer.1.self_attention.q.weight",
      "encoder.block.10.layer.1.self_attention.k.weight",
      "encoder.block.10.layer.1.self_attention.v.weight",
      "encoder.block.10.layer.1.self_attention.o.weight",
      "encoder.block.10.layer.1.layer_norm.weight",
      "encoder.block.10.layer.2.mlp.wi.weight",
      "encoder.block.10.layer.2.mlp.wo.weight",
      "encoder.block.10.layer.2.layer_norm.weight",
      "encoder.block.11.layer.0.self_attention.q.weight",
      "encoder.block.11.layer.0.self_attention.k.weight",
      "encoder.block.11.layer.0.self_attention.v.weight",
      "encoder.block.11.layer.0.self_attention.o.weight",
      "encoder.block.11.layer.0.layer_norm.weight",
      "encoder.block.11.layer.1.self_attention.q.weight",
      "encoder.block.11.layer.1.self_attention.k.weight",
      "encoder.block.11.layer.1.self_attention.v.weight",
      "encoder.block.11.layer.1.self_attention.o.weight",
      "encoder.block.11.layer.1.layer_norm.weight",
      "encoder.block.11.layer.2.mlp.wi.weight",
      "encoder.block.11.layer.2.mlp.wo.weight",
      "encoder.block.11.layer.2.layer_norm.weight",
      "encoder.final_layer_norm.weight",
      "output_patch_embedding.hidden_layer.weight",
      "output_patch_embedding.hidden_layer.bias",
      "output_patch_embedding.output_layer.weight",
      "output_patch_embedding.output_layer.bias",
      "output_patch_embedding.residual_layer.weight",
      "output_patch_embedding.residual_layer.bias"
    ],
    "trainable_parameter_count": 119477664,
    "total_parameter_count": 119477664,
    "trainable_percent": 100.0
  },
  "history": "/home/zhaopp/workspace/PV-TSFM/outputs/mmsp_published_series_exploratory/training/e5_seed33/history.csv",
  "history_sha256": "d445acca88362f644cf300a26b3d90a207ec2f78b61874b3f1d02548fceeb523",
  "claim_limit": "nominal-hourly published sequence; not verified real hourly-average power"
}
